// Jest Snapshot v1, https://goo.gl/fbAQLP

exports[`Index Page Accessibility renders component structure for accessibility 1`] = `{}`;
